// Jest Snapshot v1, https://goo.gl/fbAQLP

exports[`DeleteRequestBuilder throws an error when request execution fails 1`] = `"OData delete request failed!"`;
