// Jest Snapshot v1, https://goo.gl/fbAQLP

exports[`url does not throw for existing link 1`] = `200`;

exports[`url throws for non existing link 1`] = `"Request failed with status code 404"`;
