// Jest Snapshot v1, https://goo.gl/fbAQLP

exports[`register-destination without xsuaa binding throws an error when no JWT is provided 1`] = `"No binding to an XSUAA service instance found. Please make sure to bind an instance of the XSUAA service to your application."`;
