// Jest Snapshot v1, https://goo.gl/fbAQLP

exports[`api-file creates api file content for operation with no parameters or request body 1`] = `
"import { OpenApiRequestBuilder } from '@sap-cloud-sdk/core';
import { DefaultApi } from './openapi/api';


export const TestApi = {
  getFn: () => new OpenApiRequestBuilder<DefaultApi, 'getFn'>(
    DefaultApi,
    'getFn'
  )
};"
`;

exports[`api-file creates api file content for operation with only optional parameters 1`] = `
"import { OpenApiRequestBuilder } from '@sap-cloud-sdk/core';
import { DefaultApi } from './openapi/api';


export const TestApi = {
  getFn: (args?: {
    optionalQueryParam?: number
  }) => new OpenApiRequestBuilder<DefaultApi, 'getFn'>(
    DefaultApi,
    'getFn',
    args?.optionalQueryParam
  )
};"
`;

exports[`api-file creates api file content for operation with request body 1`] = `
"import { OpenApiRequestBuilder } from '@sap-cloud-sdk/core';
import { DefaultApi } from './openapi/api';
import { TestEntity } from './openapi/model';

export const TestApi = {
  createFn: (args: {
    body: TestEntity
  }) => new OpenApiRequestBuilder<DefaultApi, 'createFn'>(
    DefaultApi,
    'createFn',
    args.body
  ),
  updateFn: (args: {
    id: string,
    body: string[]
  }) => new OpenApiRequestBuilder<DefaultApi, 'updateFn'>(
    DefaultApi,
    'updateFn',
    args.id,
    args.body
  )
};"
`;

exports[`api-file creates api file content for operation with required parameters defined after optional parameters 1`] = `
"import { OpenApiRequestBuilder } from '@sap-cloud-sdk/core';
import { DefaultApi } from './openapi/api';
import { TestEntity } from './openapi/model';

export const TestApi = {
  createFn: (args: {
    requiredQueryParam: number,
    requiredPathParam: number,
    body: TestEntity[][],
    optionalQueryParam?: number
  }) => new OpenApiRequestBuilder<DefaultApi, 'createFn'>(
    DefaultApi,
    'createFn',
    args.requiredQueryParam,
    args.requiredPathParam,
    args.body,
    args.optionalQueryParam
  )
};"
`;

exports[`api-file creates api file content for operations with parameters and no request bodies 1`] = `
"import { OpenApiRequestBuilder } from '@sap-cloud-sdk/core';
import { DefaultApi } from './openapi/api';


export const TestApi = {
  getFn: (args: {
    id: string,
    limit?: number
  }) => new OpenApiRequestBuilder<DefaultApi, 'getFn'>(
    DefaultApi,
    'getFn',
    args.id,
    args.limit
  ),
  deleteFn: (args: {
    id: string
  }) => new OpenApiRequestBuilder<DefaultApi, 'deleteFn'>(
    DefaultApi,
    'deleteFn',
    args.id
  )
};"
`;
