// Jest Snapshot v1, https://goo.gl/fbAQLP

exports[`readme returns the readme content 1`] = `"# @sap-cloud-sdk/workflow-service/n/nThis package contains the OpenAPI VDM for the WorkflowAPI./n/n### Helpful Links/n/n- [SAP Cloud SDK](https://github.com/SAP/cloud-sdk-js)/n- [Tutorials on developers.sap.com](https://developers.sap.com/tutorial-navigator.html?tag=products:technology-platform/sap-cloud-sdk/sap-cloud-sdk&tag=topic:javascript)/n- [SAP Cloud SDK on StackOverflow](https://stackoverflow.com/questions/tagged/sap-cloud-sdk?tab=Newest)/n- [SAP Cloud SDK on answers.sap.com](https://answers.sap.com/tags/73555000100800000895)/n- [Release notes](https://help.sap.com/doc/2324e9c3b28748a4ae2ad08166d77675/1.0/en-US/js-index.html)/n- [All versions of this documentation](https://help.sap.com/viewer/product/SAP_CLOUD_SDK/1.0/en-US)/n- [Product page of the SAP Cloud SDK](https://developers.sap.com/topics/cloud-sdk.html)/n- [SAP Cloud SDK Continuous Delivery Toolkit](https://github.com/SAP/cloud-s4-sdk-pipeline)/n- [Example Applications using the SAP Cloud SDK](https://github.com/SAP/cloud-s4-sdk-examples)/n"`;
