// Jest Snapshot v1, https://goo.gl/fbAQLP

exports[`batch request builder serializeBatchPayload serializes payload for batch subrequests 1`] = `
"--batch_batchId
Content-Type: multipart/mixed; boundary=changeset_changesetId

--changeset_changesetId
Content-Type: application/http
Content-Transfer-Encoding: binary

POST /sap/opu/odata/sap/API_TEST_SRV/A_TestEntity HTTP/1.1
Accept: application/json
Content-Type: application/json

{\\"KeyPropertyGuid\\":\\"guidId\\",\\"KeyPropertyString\\":\\"strId\\",\\"Int16Property\\":12,\\"DoubleProperty\\":14.5}

--changeset_changesetId--
--batch_batchId
Content-Type: application/http
Content-Transfer-Encoding: binary

GET /sap/opu/odata/sap/API_TEST_SRV/A_TestEntity?$format=json HTTP/1.1


--batch_batchId
Content-Type: multipart/mixed; boundary=changeset_changesetId

--changeset_changesetId
Content-Type: application/http
Content-Transfer-Encoding: binary

PATCH /sap/opu/odata/sap/API_TEST_SRV/A_TestEntity(KeyPropertyGuid=guid'guidId',KeyPropertyString='strId') HTTP/1.1
Accept: application/json
Content-Type: application/json

{\\"Int16Property\\":12,\\"DoubleProperty\\":14.5}

--changeset_changesetId
Content-Type: application/http
Content-Transfer-Encoding: binary

DELETE /sap/opu/odata/sap/API_TEST_SRV/A_TestEntity(KeyPropertyGuid=guid'guidId',KeyPropertyString='strId') HTTP/1.1
Accept: application/json
Content-Type: application/json



--changeset_changesetId--
--batch_batchId
Content-Type: application/http
Content-Transfer-Encoding: binary

GET /sap/opu/odata/sap/API_TEST_SRV/A_TestEntity(KeyPropertyGuid=guid'guidId',KeyPropertyString='strId')?$format=json HTTP/1.1


--batch_batchId--
"
`;
