// Jest Snapshot v1, https://goo.gl/fbAQLP

exports[`pregenerated-lib returns description of the service 1`] = `"SAP Cloud SDK for JavaScript: Generated client for service Test Service"`;
