// Jest Snapshot v1, https://goo.gl/fbAQLP

exports[`generation-and-usage creates api specific usage for entity 1`] = `
"import { DummyApi } from './generated/dummy-package';

const responseData = await DummyApi.DummyFunction(dummyId, undefined, { query_1: 'myQuery1' }).execute({ destinationName: 'myDestinationName' });"
`;
