// Jest Snapshot v1, https://goo.gl/fbAQLP

exports[`sdk-metadata generates metadata content for services without pregenerated lib 1`] = `
Object {
  "apiSpecificUsage": "import { DummyApi } from './generated/dummy-package';

const responseData = await DummyApi.DummyFunction(dummyId, undefined, { query_1: 'myQuery1' }).execute({ destinationName: 'myDestinationName' });",
  "apiType": "OpenAPI",
  "generatorVersion": Any<String>,
  "language": "JavaScript",
  "serviceStatus": "verified",
}
`;
