// Jest Snapshot v1, https://goo.gl/fbAQLP

exports[`FunctionImportRequestBuilder throws an error when shared entity type is used as return type 1`] = `"Failed to build an entity from the response of the function import or action import: TestFunctionImportSharedEntityReturnType, because the entity type of the return type is shared by multiple entity sets."`;
