// Jest Snapshot v1, https://goo.gl/fbAQLP

exports[`Destination parser sanitizeDestination throws an error if there is no URL given 1`] = `"'URL' property of destination configuration may not be undefined."`;

exports[`Destination parser sanitizeDestination throws an error if there is no url given 1`] = `"'url' property of destination input may not be undefined."`;
