// Jest Snapshot v1, https://goo.gl/fbAQLP

exports[`destination-accessor Failure cases fails if no destination service is bound 1`] = `"Failed to verify JWT - unable to get verification key!"`;

exports[`destination-accessor Failure cases throws an error when the provide userJwt is invalid 1`] = `"JwtError: The given jwt payload does not encode valid JSON."`;

exports[`destination-accessor caching destination tries to fetch destinations normally when neither the destinations env variables is there nor a service binding exists for a given name 1`] = `"Unable to get access token for \\"destination\\" service! No service instance of type \\"destination\\" found."`;
