// Jest Snapshot v1, https://goo.gl/fbAQLP

exports[`apiFile apiFile serializes api file with multiple operations and references 1`] = `
"import { OpenApiRequestBuilder } from '@sap-cloud-sdk/openapi';
import type { QueryParameterType, RefType, ResponseType } from './schema';
/**
 * Representation of the 'TestApi'.
 * This API is part of the 'MyServiceName' service.
 */
export const TestApi = {
  /**
   * Create a request builder for execution of get requests to the 'test/{id}' endpoint.
   * @param id - Path parameter.
   * @param queryParameters - Object containing the following keys: queryParam.
   * @param headerParameters - Object containing the following keys: headerParam.
   * @returns The request builder, use the \`execute()\` method to trigger the request.
   */
  getFn: (id: string, queryParameters: {'queryParam': QueryParameterType}, headerParameters?: {'headerParam'?: string}) => new OpenApiRequestBuilder<string>(
    'get',
    "test/{id}",
    {
          pathParameters: { id },
          queryParameters,
          headerParameters
        }
  ),
  /**
   * Create a request builder for execution of post requests to the 'test' endpoint.
   * @param body - Request body.
   * @returns The request builder, use the \`execute()\` method to trigger the request.
   */
  createFn: (body: RefType) => new OpenApiRequestBuilder<ResponseType>(
    'post',
    "test",
    {
          body
        }
  )
};"
`;

exports[`apiFile apiFile serializes api file with multiple operations and references 2`] = `
"import { OpenApiRequestBuilder } from '@sap-cloud-sdk/openapi';
import type { QueryParameterType, RefType, ResponseType } from './schema/index.js';
/**
 * Representation of the 'TestApi'.
 * This API is part of the 'MyServiceName' service.
 */
export const TestApi = {
  /**
   * Create a request builder for execution of get requests to the 'test/{id}' endpoint.
   * @param id - Path parameter.
   * @param queryParameters - Object containing the following keys: queryParam.
   * @param headerParameters - Object containing the following keys: headerParam.
   * @returns The request builder, use the \`execute()\` method to trigger the request.
   */
  getFn: (id: string, queryParameters: {'queryParam': QueryParameterType}, headerParameters?: {'headerParam'?: string}) => new OpenApiRequestBuilder<string>(
    'get',
    "test/{id}",
    {
          pathParameters: { id },
          queryParameters,
          headerParameters
        }
  ),
  /**
   * Create a request builder for execution of post requests to the 'test' endpoint.
   * @param body - Request body.
   * @returns The request builder, use the \`execute()\` method to trigger the request.
   */
  createFn: (body: RefType) => new OpenApiRequestBuilder<ResponseType>(
    'post',
    "test",
    {
          body
        }
  )
};"
`;

exports[`apiFile apiFile serializes api file with one operation and no references 1`] = `
"import { OpenApiRequestBuilder } from '@sap-cloud-sdk/openapi';
/**
 * Representation of the 'TestApi'.
 * This API is part of the 'MyServiceName' service.
 */
export const TestApi = {
  /**
   * Create a request builder for execution of get requests to the 'test/{id}' endpoint.
   * @param id - Path parameter.
   * @returns The request builder, use the \`execute()\` method to trigger the request.
   */
  getFn: (id: string) => new OpenApiRequestBuilder<any>(
    'get',
    "test/{id}",
    {
          pathParameters: { id }
        }
  )
};"
`;

exports[`apiFile creates a api File with documentation 1`] = `
"import { OpenApiRequestBuilder } from '@sap-cloud-sdk/openapi';
/**
 * Representation of the 'TestApi'.
 * This API is part of the 'TestService' service.
 */
export const TestApi = {
  /**
   * Create a request builder for execution of get requests to the 'test' endpoint.
   * @returns The request builder, use the \`execute()\` method to trigger the request.
   */
  getFn: () => new OpenApiRequestBuilder<any>(
    'get',
    "test"
  )
};"
`;

exports[`apiFile creates an api file following the esm pattern 1`] = `
"import { OpenApiRequestBuilder } from '@sap-cloud-sdk/openapi';
import type { QueryParameterType, RefType, ResponseType } from './schema/index.js';
/**
 * Representation of the 'TestApi'.
 * This API is part of the 'MyServiceName' service.
 */
export const TestApi = {
  /**
   * Create a request builder for execution of get requests to the 'test/{id}' endpoint.
   * @param id - Path parameter.
   * @param queryParameters - Object containing the following keys: queryParam.
   * @param headerParameters - Object containing the following keys: headerParam.
   * @returns The request builder, use the \`execute()\` method to trigger the request.
   */
  getFn: (id: string, queryParameters: {'queryParam': QueryParameterType}, headerParameters?: {'headerParam'?: string}) => new OpenApiRequestBuilder<string>(
    'get',
    "test/{id}",
    {
          pathParameters: { id },
          queryParameters,
          headerParameters
        }
  ),
  /**
   * Create a request builder for execution of post requests to the 'test' endpoint.
   * @param body - Request body.
   * @returns The request builder, use the \`execute()\` method to trigger the request.
   */
  createFn: (body: RefType) => new OpenApiRequestBuilder<ResponseType>(
    'post',
    "test",
    {
          body
        }
  )
};"
`;

exports[`apiFile creates documentation for the api 1`] = `
"/**
 * Representation of the 'TestApi'.
 * This API is part of the 'TestService' service.
 */"
`;
