// Jest Snapshot v1, https://goo.gl/fbAQLP

exports[`packageJson returns the package.json content 1`] = `
"{
  \\"name\\": \\"workflow-service\\",
  \\"version\\": \\"1.23.1\\",
  \\"description\\": \\"description\\",
  \\"homepage\\": \\"https://sap.github.io/cloud-sdk/docs/js/getting-started\\",
  \\"main\\": \\"./index.js\\",
  \\"types\\": \\"./index.d.ts\\",
  \\"publishConfig\\": {
    \\"access\\": \\"public\\"
  },
  \\"repository\\": {
    \\"type\\": \\"git\\",
    \\"url\\": \\"\\"
  },
  \\"files\\": [
    \\"**/*.js\\",
    \\"**/*.js.map\\",
    \\"**/*.d.ts\\",
    \\"**/d.ts.map\\"
  ],
  \\"scripts\\": {
    \\"compile\\": \\"npx tsc\\"
  },
  \\"dependencies\\": {
    \\"@sap-cloud-sdk/openapi\\": \\"^1.35.0\\"
  },
  \\"devDependencies\\": {
    \\"typescript\\": \\"~4.1.2\\"
  }
}
"
`;
