// Jest Snapshot v1, https://goo.gl/fbAQLP

exports[`readme returns the readme content 1`] = `
"# @sap-cloud-sdk/workflow-service

This package contains the OpenAPI client for the WorkflowAPI.
With the API, you can, for example, start new workflow instances and work with tasks.


## Helpful Links

- [SAP Cloud SDK](https://github.com/SAP/cloud-sdk-js)
- [SAP Cloud SDK Documentation portal - Getting started guide](https://sap.github.io/cloud-sdk/docs/js/getting-started)
- [SAP Cloud SDK Documentation portal - API documentation](https://sap.github.io/cloud-sdk/docs/js/api)
- [developers.sap.com - Product Overview](https://developers.sap.com/topics/cloud-sdk.html)
- [developers.sap.com - Tutorials](https://developers.sap.com/tutorial-navigator.html?tag=software-product:technology-platform/sap-cloud-sdk&tag=tutorial:type/tutorial&tag=programming-tool:javascript)
- [Release notes](https://help.sap.com/doc/2324e9c3b28748a4ae2ad08166d77675/1.0/en-US/js-index.html)
- [SAP API Business Hub](https://api.sap.com/)
    
"
`;

exports[`readme returns the readme content with usage example 1`] = `
"# @sap-cloud-sdk/workflow-service

This package contains the OpenAPI client for the WorkflowAPI.
With the API, you can, for example, start new workflow instances and work with tasks.

## Usage Example
\`\`\`
import { testApi } from './generated/workflow-service';

const responseData = await testApi.getAll().execute({ destinationName: 'myDestinationName' });
\`\`\`

## Helpful Links

- [SAP Cloud SDK](https://github.com/SAP/cloud-sdk-js)
- [SAP Cloud SDK Documentation portal - Getting started guide](https://sap.github.io/cloud-sdk/docs/js/getting-started)
- [SAP Cloud SDK Documentation portal - API documentation](https://sap.github.io/cloud-sdk/docs/js/api)
- [developers.sap.com - Product Overview](https://developers.sap.com/topics/cloud-sdk.html)
- [developers.sap.com - Tutorials](https://developers.sap.com/tutorial-navigator.html?tag=software-product:technology-platform/sap-cloud-sdk&tag=tutorial:type/tutorial&tag=programming-tool:javascript)
- [Release notes](https://help.sap.com/doc/2324e9c3b28748a4ae2ad08166d77675/1.0/en-US/js-index.html)
- [SAP API Business Hub](https://api.sap.com/)
    
"
`;
