// Jest Snapshot v1, https://goo.gl/fbAQLP

exports[`UpdateRequestBuilderV2 throws an error when request execution fails 1`] = `"OData update request failed!"`;

exports[`UpdateRequestBuilderV2 warns if navigaton properties are send 1`] = `"OData update request failed!"`;
